{"version":"2.3.6","fields":["name","type"],"fieldVectors":[["name//Bindings",[0,1.792]],["type//Bindings",[0,1.792]],["name//Bindings/image",[1,1.792]],["type//Bindings/image",[1,1.792]],["name//Bindings/lottie",[2,1.792]],["type//Bindings/lottie",[2,1.792]],["name//Bindings/typograph",[3,1.455]],["type//Bindings/typograph",[3,1.455]],["name//Bindings/tallTypograph",[4,2.303]],["type//Bindings/tallTypograph",[3,1.455]],["name//Bindings/linearGradient",[5,1.792]],["type//Bindings/linearGradient",[5,1.792]],["name//Bindings/point",[6,2.303]],["type//Bindings/point",[7,2.303]],["name//Bindings/size",[8,2.303]],["type//Bindings/size",[9,2.303]],["name//Bindings/shadow",[10,2.303]],["type//Bindings/shadow",[11,2.303]],["name//Bindings/fill",[12,1.792]],["type//Bindings/fill",[12,1.792]],["name//Bindings/panel",[13,1.792]],["type//Bindings/panel",[13,1.792]],["name//Bindings/color",[14,1.455]],["type//Bindings/color",[14,1.455]],["name//Bindings/file",[15,1.792]],["type//Bindings/file",[15,1.792]],["name//Bindings/referencedColor",[16,2.303]],["type//Bindings/referencedColor",[14,1.455]]],"invertedIndex":[["bindings",{"_index":0,"name":{"/Bindings":{}},"type":{"/Bindings":{}}}],["color",{"_index":14,"name":{"/Bindings/color":{}},"type":{"/Bindings/color":{},"/Bindings/referencedColor":{}}}],["dropshadow",{"_index":11,"name":{},"type":{"/Bindings/shadow":{}}}],["file",{"_index":15,"name":{"/Bindings/file":{}},"type":{"/Bindings/file":{}}}],["fill",{"_index":12,"name":{"/Bindings/fill":{}},"type":{"/Bindings/fill":{}}}],["image",{"_index":1,"name":{"/Bindings/image":{}},"type":{"/Bindings/image":{}}}],["lineargradient",{"_index":5,"name":{"/Bindings/linearGradient":{}},"type":{"/Bindings/linearGradient":{}}}],["lottie",{"_index":2,"name":{"/Bindings/lottie":{}},"type":{"/Bindings/lottie":{}}}],["panel",{"_index":13,"name":{"/Bindings/panel":{}},"type":{"/Bindings/panel":{}}}],["point",{"_index":6,"name":{"/Bindings/point":{}},"type":{}}],["point2d",{"_index":7,"name":{},"type":{"/Bindings/point":{}}}],["referencedcolor",{"_index":16,"name":{"/Bindings/referencedColor":{}},"type":{}}],["shadow",{"_index":10,"name":{"/Bindings/shadow":{}},"type":{}}],["size",{"_index":8,"name":{"/Bindings/size":{}},"type":{}}],["size2d",{"_index":9,"name":{},"type":{"/Bindings/size":{}}}],["talltypograph",{"_index":4,"name":{"/Bindings/tallTypograph":{}},"type":{}}],["typograph",{"_index":3,"name":{"/Bindings/typograph":{}},"type":{"/Bindings/typograph":{},"/Bindings/tallTypograph":{}}}]],"pipeline":[]}
